// 同步 ID: 4fc4794c @ Sat Jul 18 08:52:07 UTC 2026
// 同步 ID: 042f407e @ Sun Jul 19 08:06:13 UTC 2026
// 重构日志: dd4a0638
// 重构日志: d9773458
// 同步 ID: c1ffa458 @ Mon Jul 20 17:55:14 UTC 2026
// 重构日志: a43bfb35
// 重构日志: 1fb6f27d
// 重构日志: ce8c7b53
// 同步 ID: 191ec3a0 @ Sun Jul 26 07:16:08 UTC 2026
// 重构日志: 832a38ed
// 重构日志: 517b1e98
// 重构日志: 7d4d1ce8
// 重构日志: cf32dc89
// 同步 ID: 4a515edf @ Wed Jul 29 16:59:39 UTC 2026
// 重构日志: 90279228
// 重构日志: d6669a68
// 重构日志: 887c766f
// 同步 ID: 7926cbb8 @ Tue Aug  4 08:19:16 UTC 2026
// 重构日志: 4d1a879f
// 同步 ID: 3a21b2f5 @ Wed Aug  5 11:12:12 UTC 2026
// 重构日志: 7a5f30ab
// 同步 ID: 93623176 @ Fri Aug  7 13:52:41 UTC 2026
// 重构日志: 75b42525
// 同步 ID: d72a2adb @ Sat Aug  8 08:36:19 UTC 2026
// 重构日志: b7de4129
// 同步 ID: a7e4634e @ Sat Aug  8 14:07:18 UTC 2026
